chunk: setup
chunkprefix: figure/Rfig-setup
fig:
cacheDB:
time: 2011-02-02 00:00:49

chunk: rotation
chunkprefix: figure/Rfig-rotation
fig: figure/Rfig-rotation.tikz
cacheDB:
time: 2011-02-02 00:00:49

chunk: grad-desc-a
chunkprefix: figure/Rfig-grad-desc-a
fig:
cacheDB:
time: 2011-02-02 00:00:49

chunk: grad-desc-b
chunkprefix: figure/Rfig-grad-desc-b
fig:
cacheDB:
time: 2011-02-02 00:00:49

chunk: sampling-methods-a
chunkprefix: figure/Rfig-sampling-methods-a
fig:
cacheDB:
time: 2011-02-02 00:00:49

chunk: sampling-methods-b
chunkprefix: figure/Rfig-sampling-methods-b
fig:
cacheDB:
time: 2011-02-02 00:00:49

chunk: sampling-methods-c
chunkprefix: figure/Rfig-sampling-methods-c
fig:
cacheDB:
time: 2011-02-02 00:00:49

chunk: sampling-methods-d
chunkprefix: figure/Rfig-sampling-methods-d
fig:
cacheDB:
time: 2011-02-02 00:00:49

chunk: buffon-needle
chunkprefix: figure/Rfig-buffon-needle
fig:
cacheDB:
time: 2011-02-02 00:00:49

chunk: boot-iid
chunkprefix: figure/Rfig-boot-iid
fig:
cacheDB:
time: 2011-02-02 00:00:49

chunk: ObamaSpeech
chunkprefix: figure/Rfig-ObamaSpeech
fig:
cacheDB:
time: 2011-02-02 00:00:49

chunk: schema
chunkprefix: figure/Rfig-schema
fig:
cacheDB:
time: 2011-02-02 00:00:50

chunk: brownian-motion-source
chunkprefix: figure/Rfig-brownian-motion-source
fig:
cacheDB:
time: 2011-02-02 00:00:50

chunk: brownian-motion
chunkprefix: figure/Rfig-brownian-motion
fig:
cacheDB:
time: 2011-02-02 00:00:50

chunk: usage-saveHTML
chunkprefix: figure/Rfig-usage-saveHTML
fig:
cacheDB:
time: 2011-02-02 00:00:50

chunk: saveHTML
chunkprefix: figure/Rfig-saveHTML
fig:
cacheDB:
time: 2011-02-02 00:00:50

chunk: Rweb-demo
chunkprefix: figure/Rfig-Rweb-demo
fig:
cacheDB:
time: 2011-02-02 00:00:50

chunk: saveLatex-usage
chunkprefix: figure/Rfig-saveLatex-usage
fig:
cacheDB:
time: 2011-02-02 00:00:50

chunk: brownian-motion-echo
chunkprefix: figure/Rfig-brownian-motion-echo
fig:
cacheDB:
time: 2011-02-02 00:00:50

chunk: saveGIF-usage
chunkprefix: figure/Rfig-saveGIF-usage
fig:
cacheDB:
time: 2011-02-02 00:00:50

chunk: ani-record
chunkprefix: figure/Rfig-ani-record
fig:
cacheDB:
time: 2011-02-02 00:00:50

chunk: rgl-animation
chunkprefix: figure/Rfig-rgl-animation
fig:
cacheDB:
time: 2011-02-02 00:00:51

chunk: demo-rgl
chunkprefix: figure/Rfig-demo-rgl
fig:
cacheDB:
time: 2011-02-02 00:00:52

chunk: sim-qqnorm-a
chunkprefix: figure/Rfig-sim-qqnorm-a
fig:
cacheDB:
time: 2011-02-02 00:00:52

chunk: sim-qqnorm-b
chunkprefix: figure/Rfig-sim-qqnorm-b
fig:
cacheDB:
time: 2011-02-02 00:00:52

chunk: sim-qqnorm-source
chunkprefix: figure/Rfig-sim-qqnorm-source
fig:
cacheDB:
time: 2011-02-02 00:00:52

chunk: clt-ani-a
chunkprefix: figure/Rfig-clt-ani-a
fig:
cacheDB:
time: 2011-02-02 00:00:52

chunk: clt-ani-b
chunkprefix: figure/Rfig-clt-ani-b
fig:
cacheDB:
time: 2011-02-02 00:00:52

chunk: gene-expr-data
chunkprefix: figure/Rfig-gene-expr-data
fig:
cacheDB: /home/yihui/Downloads/animation/inst/doc/cache/gene-expr-data_4fc4e9b79a652f96b07222d7354992f6
time: 2011-02-02 00:00:52

chunk: gene-expr-plot
chunkprefix: figure/Rfig-gene-expr-plot
fig:
cacheDB:
time: 2011-02-02 00:00:52

chunk: gene-results
chunkprefix: figure/Rfig-gene-results
fig:
cacheDB:
time: 2011-02-02 00:00:52

chunk: accuracy
chunkprefix: figure/Rfig-accuracy
fig:
cacheDB:
time: 2011-02-02 00:00:52

